DEBUG:root:This is a debug message
INFO:root:This is an info message
WARNING:root:This is a warning message
ERROR:root:This is an error message
CRITICAL:root:This is a critical message
DEBUG:my_logger:This is a debug message
INFO:my_logger:This is an info message
WARNING:my_logger:This is a warning message
ERROR:my_logger:This is an error message
CRITICAL:my_logger:This is a critical message
DEBUG:root:This is a debug message
INFO:root:This is an info message
WARNING:root:This is a warning message
ERROR:root:This is an error message
CRITICAL:root:This is a critical message
DEBUG:my_logger:This is a debug message
INFO:my_logger:This is an info message
WARNING:my_logger:This is a warning message
ERROR:my_logger:This is an error message
CRITICAL:my_logger:This is a critical message
DEBUG:custom_logger:This is a debug message
INFO:custom_logger:This is an info message
WARNING:custom_logger:This is a warning message
ERROR:custom_logger:This is an error message
CRITICAL:custom_logger:This is a critical message
DEBUG:root:trying different handlers , this one is for DEBUG
DEBUG:root:Trying different handlers , this one 
DEBUG:custom_different_logger:Trying different handlers , this one 
